// Jest Snapshot v1, https://goo.gl/fbAQLP

exports[`<NotFound /> should match snapshot 1`] = `
.c1 {
  --font-increase: var(--typo-h1-increase,5);
  --rhythm-increase: var(--typo-h1-rhythm,2);
  font-weight: var(--weight-bold,bold);
}

.c2 {
  --font-increase: var(--typo-body1-increase,0);
  --rhythm-increase: var(--typo-body1-rhythm,0);
  font-weight: var(--weight-normal,normal);
}

.c0 {
  display: -webkit-box;
  display: -webkit-flex;
  display: -ms-flexbox;
  display: flex;
  -webkit-align-items: center;
  -webkit-box-align: center;
  -ms-flex-align: center;
  align-items: center;
  -webkit-box-pack: center;
  -webkit-justify-content: center;
  -ms-flex-pack: center;
  justify-content: center;
  text-align: center;
  height: 80%;
}

.c0 h1 {
  --font-increase: 10;
  --rhythm-increase: 3;
  color: var(--color-red);
}

<div
  class="c0"
>
  <div>
    <h1
      class="c1"
    >
      404
    </h1>
    <p
      class="c2"
    >
      Page not found
    </p>
  </div>
</div>
`;
